[0.012s] Invoking command in '/home/waritt/robotsim_ws/build/rrr_robot': CMAKE_PREFIX_PATH=${CMAKE_PREFIX_PATH}:/opt/ros/humble /usr/bin/cmake --build /home/waritt/robotsim_ws/build/rrr_robot -- -j16 -l16
[0.048s] [100%] Built target cpp_node_test
[0.054s] [100%] Built target ament_cmake_python_copy_rrr_robot
[0.244s] running egg_info
[0.244s] writing rrr_robot.egg-info/PKG-INFO
[0.245s] writing dependency_links to rrr_robot.egg-info/dependency_links.txt
[0.245s] writing top-level names to rrr_robot.egg-info/top_level.txt
[0.246s] reading manifest file 'rrr_robot.egg-info/SOURCES.txt'
[0.246s] writing manifest file 'rrr_robot.egg-info/SOURCES.txt'
[0.265s] [100%] Built target ament_cmake_python_build_rrr_robot_egg
[0.273s] Invoked command in '/home/waritt/robotsim_ws/build/rrr_robot' returned '0': CMAKE_PREFIX_PATH=${CMAKE_PREFIX_PATH}:/opt/ros/humble /usr/bin/cmake --build /home/waritt/robotsim_ws/build/rrr_robot -- -j16 -l16
[0.301s] Invoking command in '/home/waritt/robotsim_ws/build/rrr_robot': CMAKE_PREFIX_PATH=${CMAKE_PREFIX_PATH}:/opt/ros/humble /usr/bin/cmake --install /home/waritt/robotsim_ws/build/rrr_robot
[0.306s] -- Install configuration: ""
[0.306s] -- Up-to-date: /home/waritt/robotsim_ws/install/rrr_robot/share/rrr_robot/environment/pythonpath.sh
[0.306s] -- Up-to-date: /home/waritt/robotsim_ws/install/rrr_robot/share/rrr_robot/environment/pythonpath.dsv
[0.306s] -- Up-to-date: /home/waritt/robotsim_ws/install/rrr_robot/local/lib/python3.10/dist-packages/rrr_robot-0.0.0-py3.10.egg-info
[0.306s] -- Installing: /home/waritt/robotsim_ws/install/rrr_robot/local/lib/python3.10/dist-packages/rrr_robot-0.0.0-py3.10.egg-info/SOURCES.txt
[0.306s] -- Installing: /home/waritt/robotsim_ws/install/rrr_robot/local/lib/python3.10/dist-packages/rrr_robot-0.0.0-py3.10.egg-info/top_level.txt
[0.306s] -- Installing: /home/waritt/robotsim_ws/install/rrr_robot/local/lib/python3.10/dist-packages/rrr_robot-0.0.0-py3.10.egg-info/PKG-INFO
[0.306s] -- Installing: /home/waritt/robotsim_ws/install/rrr_robot/local/lib/python3.10/dist-packages/rrr_robot-0.0.0-py3.10.egg-info/dependency_links.txt
[0.307s] -- Up-to-date: /home/waritt/robotsim_ws/install/rrr_robot/local/lib/python3.10/dist-packages/rrr_robot
[0.307s] -- Up-to-date: /home/waritt/robotsim_ws/install/rrr_robot/local/lib/python3.10/dist-packages/rrr_robot/__init__.py
[0.307s] -- Up-to-date: /home/waritt/robotsim_ws/install/rrr_robot/local/lib/python3.10/dist-packages/rrr_robot/dummy_module.py
[0.333s] Listing '/home/waritt/robotsim_ws/install/rrr_robot/local/lib/python3.10/dist-packages/rrr_robot'...
[0.336s] -- Up-to-date: /home/waritt/robotsim_ws/install/rrr_robot/lib/rrr_robot/jointstate_script.py
[0.336s] -- Installing: /home/waritt/robotsim_ws/install/rrr_robot/lib/rrr_robot/controller.py
[0.336s] -- Up-to-date: /home/waritt/robotsim_ws/install/rrr_robot/lib/rrr_robot/invert_kinematics.py
[0.336s] -- Up-to-date: /home/waritt/robotsim_ws/install/rrr_robot/lib/rrr_robot/target_bag.py
[0.336s] -- Up-to-date: /home/waritt/robotsim_ws/install/rrr_robot/lib/rrr_robot/cpp_node_test
[0.336s] -- Up-to-date: /home/waritt/robotsim_ws/install/rrr_robot/share/rrr_robot/config
[0.336s] -- Up-to-date: /home/waritt/robotsim_ws/install/rrr_robot/share/rrr_robot/config/display.rviz
[0.336s] -- Up-to-date: /home/waritt/robotsim_ws/install/rrr_robot/share/rrr_robot/config/target_log.yaml
[0.336s] -- Up-to-date: /home/waritt/robotsim_ws/install/rrr_robot/share/rrr_robot/config/custom_display.rviz
[0.336s] -- Up-to-date: /home/waritt/robotsim_ws/install/rrr_robot/share/rrr_robot/launch
[0.336s] -- Up-to-date: /home/waritt/robotsim_ws/install/rrr_robot/share/rrr_robot/launch/fun.launch.py
[0.336s] -- Up-to-date: /home/waritt/robotsim_ws/install/rrr_robot/share/rrr_robot/launch/rrr_robt.launch.py
[0.337s] -- Up-to-date: /home/waritt/robotsim_ws/install/rrr_robot/share/rrr_robot/launch/simple_display.launch.py
[0.337s] -- Up-to-date: /home/waritt/robotsim_ws/install/rrr_robot/share/rrr_robot/meshes
[0.337s] -- Up-to-date: /home/waritt/robotsim_ws/install/rrr_robot/share/rrr_robot/meshes/link_1.stl
[0.337s] -- Up-to-date: /home/waritt/robotsim_ws/install/rrr_robot/share/rrr_robot/meshes/link_3.stl
[0.337s] -- Up-to-date: /home/waritt/robotsim_ws/install/rrr_robot/share/rrr_robot/meshes/link_0.stl
[0.337s] -- Up-to-date: /home/waritt/robotsim_ws/install/rrr_robot/share/rrr_robot/meshes/end_effector.stl
[0.337s] -- Up-to-date: /home/waritt/robotsim_ws/install/rrr_robot/share/rrr_robot/meshes/link_2.stl
[0.337s] -- Up-to-date: /home/waritt/robotsim_ws/install/rrr_robot/share/rrr_robot/robot
[0.337s] -- Up-to-date: /home/waritt/robotsim_ws/install/rrr_robot/share/rrr_robot/robot/visual
[0.337s] -- Up-to-date: /home/waritt/robotsim_ws/install/rrr_robot/share/rrr_robot/robot/visual/my-robot.xacro
[0.337s] -- Up-to-date: /home/waritt/robotsim_ws/install/rrr_robot/share/rrr_robot/robot/visual/01-myfirst.urdf
[0.337s] -- Up-to-date: /home/waritt/robotsim_ws/install/rrr_robot/share/ament_index/resource_index/package_run_dependencies/rrr_robot
[0.337s] -- Up-to-date: /home/waritt/robotsim_ws/install/rrr_robot/share/ament_index/resource_index/parent_prefix_path/rrr_robot
[0.337s] -- Up-to-date: /home/waritt/robotsim_ws/install/rrr_robot/share/rrr_robot/environment/ament_prefix_path.sh
[0.337s] -- Up-to-date: /home/waritt/robotsim_ws/install/rrr_robot/share/rrr_robot/environment/ament_prefix_path.dsv
[0.338s] -- Up-to-date: /home/waritt/robotsim_ws/install/rrr_robot/share/rrr_robot/environment/path.sh
[0.338s] -- Up-to-date: /home/waritt/robotsim_ws/install/rrr_robot/share/rrr_robot/environment/path.dsv
[0.338s] -- Up-to-date: /home/waritt/robotsim_ws/install/rrr_robot/share/rrr_robot/local_setup.bash
[0.338s] -- Up-to-date: /home/waritt/robotsim_ws/install/rrr_robot/share/rrr_robot/local_setup.sh
[0.338s] -- Up-to-date: /home/waritt/robotsim_ws/install/rrr_robot/share/rrr_robot/local_setup.zsh
[0.338s] -- Up-to-date: /home/waritt/robotsim_ws/install/rrr_robot/share/rrr_robot/local_setup.dsv
[0.338s] -- Installing: /home/waritt/robotsim_ws/install/rrr_robot/share/rrr_robot/package.dsv
[0.338s] -- Up-to-date: /home/waritt/robotsim_ws/install/rrr_robot/share/ament_index/resource_index/packages/rrr_robot
[0.338s] -- Up-to-date: /home/waritt/robotsim_ws/install/rrr_robot/share/rrr_robot/cmake/rrr_robotConfig.cmake
[0.338s] -- Up-to-date: /home/waritt/robotsim_ws/install/rrr_robot/share/rrr_robot/cmake/rrr_robotConfig-version.cmake
[0.338s] -- Up-to-date: /home/waritt/robotsim_ws/install/rrr_robot/share/rrr_robot/package.xml
[0.339s] Invoked command in '/home/waritt/robotsim_ws/build/rrr_robot' returned '0': CMAKE_PREFIX_PATH=${CMAKE_PREFIX_PATH}:/opt/ros/humble /usr/bin/cmake --install /home/waritt/robotsim_ws/build/rrr_robot
