[0.010s] Invoking command in '/home/waritt/robotsim_ws/build/rrr_robot': CMAKE_PREFIX_PATH=${CMAKE_PREFIX_PATH}:/opt/ros/humble /usr/bin/cmake /home/waritt/robotsim_ws/src/rrr_robot -DCMAKE_INSTALL_PREFIX=/home/waritt/robotsim_ws/install/rrr_robot
[0.047s] -- The C compiler identification is GNU 11.4.0
[0.082s] -- The CXX compiler identification is GNU 11.4.0
[0.087s] -- Detecting C compiler ABI info
[0.132s] -- Detecting C compiler ABI info - done
[0.140s] -- Check for working C compiler: /usr/bin/cc - skipped
[0.140s] -- Detecting C compile features
[0.141s] -- Detecting C compile features - done
[0.143s] -- Detecting CXX compiler ABI info
[0.197s] -- Detecting CXX compiler ABI info - done
[0.202s] -- Check for working CXX compiler: /usr/bin/c++ - skipped
[0.202s] -- Detecting CXX compile features
[0.203s] -- Detecting CXX compile features - done
[0.205s] -- Found ament_cmake: 1.3.10 (/opt/ros/humble/share/ament_cmake/cmake)
[0.323s] -- Found Python3: /usr/bin/python3 (found version "3.10.12") found components: Interpreter 
[0.406s] -- Found rclcpp: 16.0.10 (/opt/ros/humble/share/rclcpp/cmake)
[0.448s] -- Found rosidl_generator_c: 3.1.5 (/opt/ros/humble/share/rosidl_generator_c/cmake)
[0.453s] -- Found rosidl_adapter: 3.1.5 (/opt/ros/humble/share/rosidl_adapter/cmake)
[0.462s] -- Found rosidl_generator_cpp: 3.1.5 (/opt/ros/humble/share/rosidl_generator_cpp/cmake)
[0.473s] -- Using all available rosidl_typesupport_c: rosidl_typesupport_fastrtps_c;rosidl_typesupport_introspection_c
[0.487s] -- Using all available rosidl_typesupport_cpp: rosidl_typesupport_fastrtps_cpp;rosidl_typesupport_introspection_cpp
[0.528s] -- Found rmw_implementation_cmake: 6.1.2 (/opt/ros/humble/share/rmw_implementation_cmake/cmake)
[0.531s] -- Found rmw_fastrtps_cpp: 6.2.7 (/opt/ros/humble/share/rmw_fastrtps_cpp/cmake)
[0.597s] -- Found OpenSSL: /usr/lib/x86_64-linux-gnu/libcrypto.so (found version "3.0.2")  
[0.618s] -- Found FastRTPS: /opt/ros/humble/include  
[0.653s] -- Using RMW implementation 'rmw_fastrtps_cpp' as default
[0.663s] -- Looking for pthread.h
[0.715s] -- Looking for pthread.h - found
[0.715s] -- Performing Test CMAKE_HAVE_LIBC_PTHREAD
[0.768s] -- Performing Test CMAKE_HAVE_LIBC_PTHREAD - Success
[0.769s] -- Found Threads: TRUE  
[0.808s] -- Found rclpy: 3.3.14 (/opt/ros/humble/share/rclpy/cmake)
[0.918s] -- Configuring done
[0.923s] -- Generating done
[0.924s] -- Build files have been written to: /home/waritt/robotsim_ws/build/rrr_robot
[0.932s] Invoked command in '/home/waritt/robotsim_ws/build/rrr_robot' returned '0': CMAKE_PREFIX_PATH=${CMAKE_PREFIX_PATH}:/opt/ros/humble /usr/bin/cmake /home/waritt/robotsim_ws/src/rrr_robot -DCMAKE_INSTALL_PREFIX=/home/waritt/robotsim_ws/install/rrr_robot
[0.933s] Invoking command in '/home/waritt/robotsim_ws/build/rrr_robot': CMAKE_PREFIX_PATH=${CMAKE_PREFIX_PATH}:/opt/ros/humble /usr/bin/cmake --build /home/waritt/robotsim_ws/build/rrr_robot -- -j16 -l16
[0.970s] [ 50%] [32mBuilding CXX object CMakeFiles/cpp_node_test.dir/src/cpp_node.cpp.o[0m
[0.976s] [ 50%] Built target ament_cmake_python_copy_rrr_robot
[1.157s] [100%] [32m[1mLinking CXX executable cpp_node_test[0m
[1.165s] running egg_info
[1.166s] creating rrr_robot.egg-info
[1.166s] writing rrr_robot.egg-info/PKG-INFO
[1.166s] writing dependency_links to rrr_robot.egg-info/dependency_links.txt
[1.166s] writing top-level names to rrr_robot.egg-info/top_level.txt
[1.166s] writing manifest file 'rrr_robot.egg-info/SOURCES.txt'
[1.167s] reading manifest file 'rrr_robot.egg-info/SOURCES.txt'
[1.168s] writing manifest file 'rrr_robot.egg-info/SOURCES.txt'
[1.187s] [100%] Built target ament_cmake_python_build_rrr_robot_egg
[1.215s] [100%] Built target cpp_node_test
[1.223s] Invoked command in '/home/waritt/robotsim_ws/build/rrr_robot' returned '0': CMAKE_PREFIX_PATH=${CMAKE_PREFIX_PATH}:/opt/ros/humble /usr/bin/cmake --build /home/waritt/robotsim_ws/build/rrr_robot -- -j16 -l16
[1.250s] Invoking command in '/home/waritt/robotsim_ws/build/rrr_robot': CMAKE_PREFIX_PATH=${CMAKE_PREFIX_PATH}:/opt/ros/humble /usr/bin/cmake --install /home/waritt/robotsim_ws/build/rrr_robot
[1.255s] -- Install configuration: ""
[1.255s] -- Installing: /home/waritt/robotsim_ws/install/rrr_robot/share/rrr_robot/environment/pythonpath.sh
[1.255s] -- Installing: /home/waritt/robotsim_ws/install/rrr_robot/share/rrr_robot/environment/pythonpath.dsv
[1.255s] -- Installing: /home/waritt/robotsim_ws/install/rrr_robot/local/lib/python3.10/dist-packages/rrr_robot-0.0.0-py3.10.egg-info
[1.255s] -- Installing: /home/waritt/robotsim_ws/install/rrr_robot/local/lib/python3.10/dist-packages/rrr_robot-0.0.0-py3.10.egg-info/SOURCES.txt
[1.255s] -- Installing: /home/waritt/robotsim_ws/install/rrr_robot/local/lib/python3.10/dist-packages/rrr_robot-0.0.0-py3.10.egg-info/top_level.txt
[1.255s] -- Installing: /home/waritt/robotsim_ws/install/rrr_robot/local/lib/python3.10/dist-packages/rrr_robot-0.0.0-py3.10.egg-info/PKG-INFO
[1.255s] -- Installing: /home/waritt/robotsim_ws/install/rrr_robot/local/lib/python3.10/dist-packages/rrr_robot-0.0.0-py3.10.egg-info/dependency_links.txt
[1.255s] -- Installing: /home/waritt/robotsim_ws/install/rrr_robot/local/lib/python3.10/dist-packages/rrr_robot
[1.256s] -- Installing: /home/waritt/robotsim_ws/install/rrr_robot/local/lib/python3.10/dist-packages/rrr_robot/__init__.py
[1.256s] -- Installing: /home/waritt/robotsim_ws/install/rrr_robot/local/lib/python3.10/dist-packages/rrr_robot/dummy_module.py
[1.279s] Listing '/home/waritt/robotsim_ws/install/rrr_robot/local/lib/python3.10/dist-packages/rrr_robot'...
[1.279s] Compiling '/home/waritt/robotsim_ws/install/rrr_robot/local/lib/python3.10/dist-packages/rrr_robot/__init__.py'...
[1.280s] Compiling '/home/waritt/robotsim_ws/install/rrr_robot/local/lib/python3.10/dist-packages/rrr_robot/dummy_module.py'...
[1.282s] -- Installing: /home/waritt/robotsim_ws/install/rrr_robot/lib/rrr_robot/jointstate_script.py
[1.282s] -- Installing: /home/waritt/robotsim_ws/install/rrr_robot/lib/rrr_robot/controller.py
[1.282s] -- Installing: /home/waritt/robotsim_ws/install/rrr_robot/lib/rrr_robot/invert_kinematics.py
[1.282s] -- Installing: /home/waritt/robotsim_ws/install/rrr_robot/lib/rrr_robot/target_bag.py
[1.282s] -- Installing: /home/waritt/robotsim_ws/install/rrr_robot/lib/rrr_robot/cpp_node_test
[1.282s] -- Set runtime path of "/home/waritt/robotsim_ws/install/rrr_robot/lib/rrr_robot/cpp_node_test" to ""
[1.282s] -- Installing: /home/waritt/robotsim_ws/install/rrr_robot/share/rrr_robot/config
[1.282s] -- Installing: /home/waritt/robotsim_ws/install/rrr_robot/share/rrr_robot/config/display.rviz
[1.282s] -- Installing: /home/waritt/robotsim_ws/install/rrr_robot/share/rrr_robot/config/custom_display.rviz
[1.282s] -- Installing: /home/waritt/robotsim_ws/install/rrr_robot/share/rrr_robot/launch
[1.283s] -- Installing: /home/waritt/robotsim_ws/install/rrr_robot/share/rrr_robot/launch/fun.launch.py
[1.283s] -- Installing: /home/waritt/robotsim_ws/install/rrr_robot/share/rrr_robot/launch/rrr_robt.launch.py
[1.283s] -- Installing: /home/waritt/robotsim_ws/install/rrr_robot/share/rrr_robot/launch/simple_display.launch.py
[1.283s] -- Installing: /home/waritt/robotsim_ws/install/rrr_robot/share/rrr_robot/meshes
[1.283s] -- Installing: /home/waritt/robotsim_ws/install/rrr_robot/share/rrr_robot/meshes/link_1.stl
[1.283s] -- Installing: /home/waritt/robotsim_ws/install/rrr_robot/share/rrr_robot/meshes/link_3.stl
[1.283s] -- Installing: /home/waritt/robotsim_ws/install/rrr_robot/share/rrr_robot/meshes/link_0.stl
[1.283s] -- Installing: /home/waritt/robotsim_ws/install/rrr_robot/share/rrr_robot/meshes/end_effector.stl
[1.283s] -- Installing: /home/waritt/robotsim_ws/install/rrr_robot/share/rrr_robot/meshes/link_2.stl
[1.283s] -- Installing: /home/waritt/robotsim_ws/install/rrr_robot/share/rrr_robot/robot
[1.283s] -- Installing: /home/waritt/robotsim_ws/install/rrr_robot/share/rrr_robot/robot/visual
[1.283s] -- Installing: /home/waritt/robotsim_ws/install/rrr_robot/share/rrr_robot/robot/visual/my-robot.xacro
[1.283s] -- Installing: /home/waritt/robotsim_ws/install/rrr_robot/share/rrr_robot/robot/visual/01-myfirst.urdf
[1.283s] -- Installing: /home/waritt/robotsim_ws/install/rrr_robot/share/ament_index/resource_index/package_run_dependencies/rrr_robot
[1.283s] -- Installing: /home/waritt/robotsim_ws/install/rrr_robot/share/ament_index/resource_index/parent_prefix_path/rrr_robot
[1.284s] -- Installing: /home/waritt/robotsim_ws/install/rrr_robot/share/rrr_robot/environment/ament_prefix_path.sh
[1.284s] -- Installing: /home/waritt/robotsim_ws/install/rrr_robot/share/rrr_robot/environment/ament_prefix_path.dsv
[1.284s] -- Installing: /home/waritt/robotsim_ws/install/rrr_robot/share/rrr_robot/environment/path.sh
[1.284s] -- Installing: /home/waritt/robotsim_ws/install/rrr_robot/share/rrr_robot/environment/path.dsv
[1.284s] -- Installing: /home/waritt/robotsim_ws/install/rrr_robot/share/rrr_robot/local_setup.bash
[1.284s] -- Installing: /home/waritt/robotsim_ws/install/rrr_robot/share/rrr_robot/local_setup.sh
[1.284s] -- Installing: /home/waritt/robotsim_ws/install/rrr_robot/share/rrr_robot/local_setup.zsh
[1.284s] -- Installing: /home/waritt/robotsim_ws/install/rrr_robot/share/rrr_robot/local_setup.dsv
[1.284s] -- Installing: /home/waritt/robotsim_ws/install/rrr_robot/share/rrr_robot/package.dsv
[1.284s] -- Installing: /home/waritt/robotsim_ws/install/rrr_robot/share/ament_index/resource_index/packages/rrr_robot
[1.284s] -- Installing: /home/waritt/robotsim_ws/install/rrr_robot/share/rrr_robot/cmake/rrr_robotConfig.cmake
[1.284s] -- Installing: /home/waritt/robotsim_ws/install/rrr_robot/share/rrr_robot/cmake/rrr_robotConfig-version.cmake
[1.284s] -- Installing: /home/waritt/robotsim_ws/install/rrr_robot/share/rrr_robot/package.xml
[1.286s] Invoked command in '/home/waritt/robotsim_ws/build/rrr_robot' returned '0': CMAKE_PREFIX_PATH=${CMAKE_PREFIX_PATH}:/opt/ros/humble /usr/bin/cmake --install /home/waritt/robotsim_ws/build/rrr_robot
